// Jest Snapshot v1, https://goo.gl/fbAQLP

exports[`renders correctly 1`] = `
<View
  style={
    Array [
      Object {
        "alignItems": "center",
        "flexBasis": 0,
        "flexGrow": 1,
        "flexShrink": 1,
      },
      undefined,
    ]
  }
>
  <Text
    accessible={true}
    allowFontScaling={true}
    ellipsizeMode="tail"
    style={
      Array [
        Object {
          "color": "white",
          "fontSize": 30,
          "fontWeight": "600",
          "paddingBottom": 10,
          "paddingTop": 20,
          "textAlign": "center",
        },
        undefined,
      ]
    }
  >
    You scored
  </Text>
  <Text
    accessible={true}
    allowFontScaling={true}
    ellipsizeMode="tail"
    style={
      Array [
        Object {
          "color": "white",
          "fontSize": 30,
          "fontWeight": "600",
          "paddingBottom": 10,
          "paddingTop": 20,
          "textAlign": "center",
        },
        undefined,
      ]
    }
  >
    
  </Text>
  <RCTScrollView>
    <View />
  </RCTScrollView>
  <View
    style={
      Array [
        Object {
          "flexDirection": "row",
          "height": 72,
          "justifyContent": "center",
        },
        undefined,
      ]
    }
  >
    <View
      color="white"
      inverted={true}
      onPress={[Function]}
      style={
        Array [
          Object {
            "borderColor": "white",
            "borderRadius": 30,
            "borderWidth": 2,
            "marginHorizontal": 10,
            "marginVertical": 10,
            "paddingVertical": 5,
            "width": 120,
          },
          undefined,
        ]
      }
      title="PLAY AGAIN!"
    >
      <View
        accessibilityComponentType="button"
        accessibilityLabel={undefined}
        accessibilityTraits={
          Array [
            "button",
          ]
        }
        accessible={true}
        collapsable={undefined}
        hasTVPreferredFocus={undefined}
        hitSlop={undefined}
        isTVSelectable={true}
        nativeID={undefined}
        onLayout={undefined}
        onResponderGrant={[Function]}
        onResponderMove={[Function]}
        onResponderRelease={[Function]}
        onResponderTerminate={[Function]}
        onResponderTerminationRequest={[Function]}
        onStartShouldSetResponder={[Function]}
        style={
          Object {
            "opacity": 1,
          }
        }
        testID={undefined}
        tvParallaxProperties={undefined}
      >
        <View
          style={
            Array [
              Object {},
            ]
          }
        >
          <Text
            accessible={true}
            allowFontScaling={true}
            disabled={undefined}
            ellipsizeMode="tail"
            style={
              Array [
                Object {
                  "color": "#007AFF",
                  "fontSize": 18,
                  "padding": 8,
                  "textAlign": "center",
                },
                Object {
                  "color": "white",
                },
              ]
            }
          >
            PLAY AGAIN!
          </Text>
        </View>
      </View>
    </View>
  </View>
</View>
`;
